C:\Program Files\Microsoft Visual Studio\18\Community\MSBuild\Microsoft\VC\v180\Microsoft.CppBuild.targets(551,5): warning MSB8028: El directorio intermedio (x64\Release\) contiene archivos compartidos de otro proyecto (Pracitca09.vcxproj, Practica07.vcxproj, ProyectoFInal.vcxproj). Esto puede dar lugar a un comportamiento incorrecto de limpieza y recompilación.
  AudioManager.cpp
  Camera.cpp
  DirectionalLight.cpp
  Light.cpp
C:\Users\rugal\OneDrive\Documentos\UNi\CG\Proeyctofinal\Proeyctofinal\DirectionalLight.cpp(18,14): warning C4244: 'argumento': conversión de 'GLfloat' a 'GLint'; posible pérdida de datos
C:\Users\rugal\OneDrive\Documentos\UNi\CG\Proeyctofinal\Proeyctofinal\DirectionalLight.cpp(19,14): warning C4244: 'argumento': conversión de 'GLfloat' a 'GLint'; posible pérdida de datos
C:\Users\rugal\OneDrive\Documentos\UNi\CG\Proeyctofinal\Proeyctofinal\DirectionalLight.cpp(21,14): warning C4244: 'argumento': conversión de 'GLfloat' a 'GLint'; posible pérdida de datos
C:\Users\rugal\OneDrive\Documentos\UNi\CG\Proeyctofinal\Proeyctofinal\DirectionalLight.cpp(22,14): warning C4244: 'argumento': conversión de 'GLfloat' a 'GLint'; posible pérdida de datos
  Material.cpp
  Mesh_tn.cpp
  Model.cpp
C:\Users\rugal\OneDrive\Documentos\UNi\CG\Proeyctofinal\Proeyctofinal\Model.cpp(156,78): warning C4267: 'argumento': conversión de 'size_t' a 'unsigned int'; posible pérdida de datos
C:\Users\rugal\OneDrive\Documentos\UNi\CG\Proeyctofinal\Proeyctofinal\Model.cpp(156,62): warning C4267: 'argumento': conversión de 'size_t' a 'unsigned int'; posible pérdida de datos
  PFINAL.cpp
C:\Users\rugal\OneDrive\Documentos\UNi\CG\Proeyctofinal\Proeyctofinal\Window.h(17,36): warning C4244: 'return': conversión de 'GLint' a 'GLfloat'; posible pérdida de datos
  (compilando archivo de origen "PFINAL.cpp")
  
C:\Users\rugal\OneDrive\Documentos\UNi\CG\Proeyctofinal\Proeyctofinal\Window.h(18,37): warning C4244: 'return': conversión de 'GLint' a 'GLfloat'; posible pérdida de datos
  (compilando archivo de origen "PFINAL.cpp")
  
C:\Users\rugal\OneDrive\Documentos\UNi\CG\Proeyctofinal\Proeyctofinal\PFINAL.cpp(991,27): warning C4244: '=': conversión de 'double' a 'GLfloat'; posible pérdida de datos
C:\Users\rugal\OneDrive\Documentos\UNi\CG\Proeyctofinal\Proeyctofinal\PFINAL.cpp(1251,21): warning C4244: 'inicializando': conversión de 'double' a 'GLfloat'; posible pérdida de datos
C:\Users\rugal\OneDrive\Documentos\UNi\CG\Proeyctofinal\Proeyctofinal\PFINAL.cpp(1469,42): warning C4244: 'argumento': conversión de 'double' a 'float'; posible pérdida de datos
C:\Users\rugal\OneDrive\Documentos\UNi\CG\Proeyctofinal\Proeyctofinal\PFINAL.cpp(2067,22): warning C4244: 'inicializando': conversión de 'double' a 'float'; posible pérdida de datos
C:\Users\rugal\OneDrive\Documentos\UNi\CG\Proeyctofinal\Proeyctofinal\PFINAL.cpp(2118,22): warning C4244: 'inicializando': conversión de 'double' a 'float'; posible pérdida de datos
  PointLight.cpp
C:\Users\rugal\OneDrive\Documentos\UNi\CG\Proeyctofinal\Proeyctofinal\PointLight.cpp(23,14): warning C4244: 'argumento': conversión de 'GLfloat' a 'GLint'; posible pérdida de datos
C:\Users\rugal\OneDrive\Documentos\UNi\CG\Proeyctofinal\Proeyctofinal\PointLight.cpp(24,14): warning C4244: 'argumento': conversión de 'GLfloat' a 'GLint'; posible pérdida de datos
C:\Users\rugal\OneDrive\Documentos\UNi\CG\Proeyctofinal\Proeyctofinal\PointLight.cpp(25,14): warning C4244: 'argumento': conversión de 'GLfloat' a 'GLint'; posible pérdida de datos
C:\Users\rugal\OneDrive\Documentos\UNi\CG\Proeyctofinal\Proeyctofinal\PointLight.cpp(26,14): warning C4244: 'argumento': conversión de 'GLfloat' a 'GLint'; posible pérdida de datos
C:\Users\rugal\OneDrive\Documentos\UNi\CG\Proeyctofinal\Proeyctofinal\PointLight.cpp(27,14): warning C4244: 'argumento': conversión de 'GLfloat' a 'GLint'; posible pérdida de datos
C:\Users\rugal\OneDrive\Documentos\UNi\CG\Proeyctofinal\Proeyctofinal\PointLight.cpp(28,14): warning C4244: 'argumento': conversión de 'GLfloat' a 'GLint'; posible pérdida de datos
C:\Users\rugal\OneDrive\Documentos\UNi\CG\Proeyctofinal\Proeyctofinal\PointLight.cpp(29,14): warning C4244: 'argumento': conversión de 'GLfloat' a 'GLint'; posible pérdida de datos
  Shader_light.cpp
C:\Users\rugal\OneDrive\Documentos\UNi\CG\Proeyctofinal\Proeyctofinal\Shader_light.cpp(249,26): warning C4244: 'argumento': conversión de 'GLuint' a 'GLfloat'; posible pérdida de datos
C:\Users\rugal\OneDrive\Documentos\UNi\CG\Proeyctofinal\Proeyctofinal\Shader_light.cpp(248,26): warning C4244: 'argumento': conversión de 'GLuint' a 'GLfloat'; posible pérdida de datos
C:\Users\rugal\OneDrive\Documentos\UNi\CG\Proeyctofinal\Proeyctofinal\Shader_light.cpp(247,26): warning C4244: 'argumento': conversión de 'GLuint' a 'GLfloat'; posible pérdida de datos
C:\Users\rugal\OneDrive\Documentos\UNi\CG\Proeyctofinal\Proeyctofinal\Shader_light.cpp(246,26): warning C4244: 'argumento': conversión de 'GLuint' a 'GLfloat'; posible pérdida de datos
C:\Users\rugal\OneDrive\Documentos\UNi\CG\Proeyctofinal\Proeyctofinal\Shader_light.cpp(269,24): warning C4244: 'argumento': conversión de 'GLuint' a 'GLfloat'; posible pérdida de datos
C:\Users\rugal\OneDrive\Documentos\UNi\CG\Proeyctofinal\Proeyctofinal\Shader_light.cpp(268,24): warning C4244: 'argumento': conversión de 'GLuint' a 'GLfloat'; posible pérdida de datos
C:\Users\rugal\OneDrive\Documentos\UNi\CG\Proeyctofinal\Proeyctofinal\Shader_light.cpp(267,24): warning C4244: 'argumento': conversión de 'GLuint' a 'GLfloat'; posible pérdida de datos
C:\Users\rugal\OneDrive\Documentos\UNi\CG\Proeyctofinal\Proeyctofinal\Shader_light.cpp(266,24): warning C4244: 'argumento': conversión de 'GLuint' a 'GLfloat'; posible pérdida de datos
C:\Users\rugal\OneDrive\Documentos\UNi\CG\Proeyctofinal\Proeyctofinal\Shader_light.cpp(265,24): warning C4244: 'argumento': conversión de 'GLuint' a 'GLfloat'; posible pérdida de datos
C:\Users\rugal\OneDrive\Documentos\UNi\CG\Proeyctofinal\Proeyctofinal\Shader_light.cpp(264,24): warning C4244: 'argumento': conversión de 'GLuint' a 'GLfloat'; posible pérdida de datos
C:\Users\rugal\OneDrive\Documentos\UNi\CG\Proeyctofinal\Proeyctofinal\Shader_light.cpp(263,24): warning C4244: 'argumento': conversión de 'GLuint' a 'GLfloat'; posible pérdida de datos
  Skybox.cpp
C:\Users\rugal\OneDrive\Documentos\UNi\CG\Proeyctofinal\Proeyctofinal\Skybox.cpp(30,47): warning C4267: 'argumento': conversión de 'size_t' a 'GLenum'; posible pérdida de datos
  Sphere.cpp
C:\Users\rugal\OneDrive\Documentos\UNi\CG\Proeyctofinal\Proeyctofinal\Sphere.cpp(39,13): warning C4244: 'inicializando': conversión de 'double' a 'float'; posible pérdida de datos
C:\Users\rugal\OneDrive\Documentos\UNi\CG\Proeyctofinal\Proeyctofinal\Sphere.cpp(43,16): warning C4244: 'inicializando': conversión de 'double' a 'float'; posible pérdida de datos
C:\Users\rugal\OneDrive\Documentos\UNi\CG\Proeyctofinal\Proeyctofinal\Sphere.cpp(91,50): warning C4267: 'argumento': conversión de 'size_t' a 'GLsizei'; posible pérdida de datos
C:\Users\rugal\OneDrive\Documentos\UNi\CG\Proeyctofinal\Proeyctofinal\Sphere.cpp(94,51): warning C4267: 'argumento': conversión de 'size_t' a 'GLsizei'; posible pérdida de datos
C:\Users\rugal\OneDrive\Documentos\UNi\CG\Proeyctofinal\Proeyctofinal\Sphere.cpp(98,50): warning C4267: 'argumento': conversión de 'size_t' a 'GLsizei'; posible pérdida de datos
C:\Users\rugal\OneDrive\Documentos\UNi\CG\Proeyctofinal\Proeyctofinal\Sphere.cpp(108,42): warning C4267: 'argumento': conversión de 'size_t' a 'GLsizei'; posible pérdida de datos
  SpotLight.cpp
  Texture.cpp
  Window.cpp
C:\Users\rugal\OneDrive\Documentos\UNi\CG\Proeyctofinal\Proeyctofinal\Window.h(17,36): warning C4244: 'return': conversión de 'GLint' a 'GLfloat'; posible pérdida de datos
  (compilando archivo de origen "Window.cpp")
  
C:\Users\rugal\OneDrive\Documentos\UNi\CG\Proeyctofinal\Proeyctofinal\Window.h(18,37): warning C4244: 'return': conversión de 'GLint' a 'GLfloat'; posible pérdida de datos
  (compilando archivo de origen "Window.cpp")
  
C:\Users\rugal\OneDrive\Documentos\UNi\CG\Proeyctofinal\Proeyctofinal\Window.cpp(134,22): warning C4244: '=': conversión de 'double' a 'GLfloat'; posible pérdida de datos
C:\Users\rugal\OneDrive\Documentos\UNi\CG\Proeyctofinal\Proeyctofinal\Window.cpp(135,22): warning C4244: '=': conversión de 'double' a 'GLfloat'; posible pérdida de datos
C:\Users\rugal\OneDrive\Documentos\UNi\CG\Proeyctofinal\Proeyctofinal\Window.cpp(139,28): warning C4244: '=': conversión de 'double' a 'GLfloat'; posible pérdida de datos
C:\Users\rugal\OneDrive\Documentos\UNi\CG\Proeyctofinal\Proeyctofinal\Window.cpp(140,40): warning C4244: '=': conversión de 'double' a 'GLfloat'; posible pérdida de datos
C:\Users\rugal\OneDrive\Documentos\UNi\CG\Proeyctofinal\Proeyctofinal\Window.cpp(142,21): warning C4244: '=': conversión de 'double' a 'GLfloat'; posible pérdida de datos
C:\Users\rugal\OneDrive\Documentos\UNi\CG\Proeyctofinal\Proeyctofinal\Window.cpp(143,21): warning C4244: '=': conversión de 'double' a 'GLfloat'; posible pérdida de datos
  Generando código
  Previous IPDB not found, fall back to full compilation.
  All 1683 functions were compiled because no usable IPDB/IOBJ from previous compilation was found.
  Generación de código finalizada
  Proeyctofinal.vcxproj -> C:\Users\rugal\OneDrive\Documentos\UNi\CG\Proeyctofinal\x64\Release\Proeyctofinal.exe
  "pwsh.exe" no se reconoce como un comando interno o externo,
  programa o archivo por lotes ejecutable.
