C:\Program Files\Microsoft Visual Studio\2022\Community\MSBuild\Microsoft\VC\v170\Microsoft.CppBuild.targets(538,5): warning MSB8028: El directorio intermedio (x64\Release\) contiene archivos compartidos de otro proyecto (Pracitca09.vcxproj, Practica07.vcxproj). Esto puede dar lugar a un comportamiento incorrecto de limpieza y recompilación.
  Camera.cpp
  DirectionalLight.cpp
C:\Users\Abraham\Documents\UNI\CGrafica\ProyectoFInal\ProyectoFInal\DirectionalLight.cpp(18,14): warning C4244: 'argumento': conversión de 'GLfloat' a 'GLint'; posible pérdida de datos
C:\Users\Abraham\Documents\UNI\CGrafica\ProyectoFInal\ProyectoFInal\DirectionalLight.cpp(19,14): warning C4244: 'argumento': conversión de 'GLfloat' a 'GLint'; posible pérdida de datos
C:\Users\Abraham\Documents\UNI\CGrafica\ProyectoFInal\ProyectoFInal\DirectionalLight.cpp(21,14): warning C4244: 'argumento': conversión de 'GLfloat' a 'GLint'; posible pérdida de datos
C:\Users\Abraham\Documents\UNI\CGrafica\ProyectoFInal\ProyectoFInal\DirectionalLight.cpp(22,14): warning C4244: 'argumento': conversión de 'GLfloat' a 'GLint'; posible pérdida de datos
  Light.cpp
  Material.cpp
  Mesh_tn.cpp
  Model.cpp
C:\Users\Abraham\Documents\UNI\CGrafica\ProyectoFInal\ProyectoFInal\Model.cpp(156,78): warning C4267: 'argumento': conversión de 'size_t' a 'unsigned int'; posible pérdida de datos
C:\Users\Abraham\Documents\UNI\CGrafica\ProyectoFInal\ProyectoFInal\Model.cpp(156,62): warning C4267: 'argumento': conversión de 'size_t' a 'unsigned int'; posible pérdida de datos
  PF_318307866.cpp
C:\Users\Abraham\Documents\UNI\CGrafica\ProyectoFInal\ProyectoFInal\Window.h(17,36): warning C4244: 'return': conversión de 'GLint' a 'GLfloat'; posible pérdida de datos
  (compilando archivo de origen "PF_318307866.cpp")
  
C:\Users\Abraham\Documents\UNI\CGrafica\ProyectoFInal\ProyectoFInal\Window.h(18,37): warning C4244: 'return': conversión de 'GLint' a 'GLfloat'; posible pérdida de datos
  (compilando archivo de origen "PF_318307866.cpp")
  
C:\Users\Abraham\Documents\UNI\CGrafica\ProyectoFInal\ProyectoFInal\PF_318307866.cpp(830,27): warning C4244: '=': conversión de 'double' a 'GLfloat'; posible pérdida de datos
C:\Users\Abraham\Documents\UNI\CGrafica\ProyectoFInal\ProyectoFInal\PF_318307866.cpp(1269,21): warning C4244: 'inicializando': conversión de 'double' a 'GLfloat'; posible pérdida de datos
C:\Users\Abraham\Documents\UNI\CGrafica\ProyectoFInal\ProyectoFInal\PF_318307866.cpp(1757,47): warning C4244: 'argumento': conversión de 'double' a 'float'; posible pérdida de datos
C:\Users\Abraham\Documents\UNI\CGrafica\ProyectoFInal\ProyectoFInal\PF_318307866.cpp(1770,29): warning C4244: 'inicializando': conversión de 'double' a 'float'; posible pérdida de datos
  PointLight.cpp
C:\Users\Abraham\Documents\UNI\CGrafica\ProyectoFInal\ProyectoFInal\PointLight.cpp(23,14): warning C4244: 'argumento': conversión de 'GLfloat' a 'GLint'; posible pérdida de datos
C:\Users\Abraham\Documents\UNI\CGrafica\ProyectoFInal\ProyectoFInal\PointLight.cpp(24,14): warning C4244: 'argumento': conversión de 'GLfloat' a 'GLint'; posible pérdida de datos
C:\Users\Abraham\Documents\UNI\CGrafica\ProyectoFInal\ProyectoFInal\PointLight.cpp(25,14): warning C4244: 'argumento': conversión de 'GLfloat' a 'GLint'; posible pérdida de datos
C:\Users\Abraham\Documents\UNI\CGrafica\ProyectoFInal\ProyectoFInal\PointLight.cpp(26,14): warning C4244: 'argumento': conversión de 'GLfloat' a 'GLint'; posible pérdida de datos
C:\Users\Abraham\Documents\UNI\CGrafica\ProyectoFInal\ProyectoFInal\PointLight.cpp(27,14): warning C4244: 'argumento': conversión de 'GLfloat' a 'GLint'; posible pérdida de datos
C:\Users\Abraham\Documents\UNI\CGrafica\ProyectoFInal\ProyectoFInal\PointLight.cpp(28,14): warning C4244: 'argumento': conversión de 'GLfloat' a 'GLint'; posible pérdida de datos
C:\Users\Abraham\Documents\UNI\CGrafica\ProyectoFInal\ProyectoFInal\PointLight.cpp(29,14): warning C4244: 'argumento': conversión de 'GLfloat' a 'GLint'; posible pérdida de datos
  Shader_light.cpp
C:\Users\Abraham\Documents\UNI\CGrafica\ProyectoFInal\ProyectoFInal\Shader_light.cpp(249,26): warning C4244: 'argumento': conversión de 'GLuint' a 'GLfloat'; posible pérdida de datos
C:\Users\Abraham\Documents\UNI\CGrafica\ProyectoFInal\ProyectoFInal\Shader_light.cpp(248,26): warning C4244: 'argumento': conversión de 'GLuint' a 'GLfloat'; posible pérdida de datos
C:\Users\Abraham\Documents\UNI\CGrafica\ProyectoFInal\ProyectoFInal\Shader_light.cpp(247,26): warning C4244: 'argumento': conversión de 'GLuint' a 'GLfloat'; posible pérdida de datos
C:\Users\Abraham\Documents\UNI\CGrafica\ProyectoFInal\ProyectoFInal\Shader_light.cpp(246,26): warning C4244: 'argumento': conversión de 'GLuint' a 'GLfloat'; posible pérdida de datos
C:\Users\Abraham\Documents\UNI\CGrafica\ProyectoFInal\ProyectoFInal\Shader_light.cpp(269,24): warning C4244: 'argumento': conversión de 'GLuint' a 'GLfloat'; posible pérdida de datos
C:\Users\Abraham\Documents\UNI\CGrafica\ProyectoFInal\ProyectoFInal\Shader_light.cpp(268,24): warning C4244: 'argumento': conversión de 'GLuint' a 'GLfloat'; posible pérdida de datos
C:\Users\Abraham\Documents\UNI\CGrafica\ProyectoFInal\ProyectoFInal\Shader_light.cpp(267,24): warning C4244: 'argumento': conversión de 'GLuint' a 'GLfloat'; posible pérdida de datos
C:\Users\Abraham\Documents\UNI\CGrafica\ProyectoFInal\ProyectoFInal\Shader_light.cpp(266,24): warning C4244: 'argumento': conversión de 'GLuint' a 'GLfloat'; posible pérdida de datos
C:\Users\Abraham\Documents\UNI\CGrafica\ProyectoFInal\ProyectoFInal\Shader_light.cpp(265,24): warning C4244: 'argumento': conversión de 'GLuint' a 'GLfloat'; posible pérdida de datos
C:\Users\Abraham\Documents\UNI\CGrafica\ProyectoFInal\ProyectoFInal\Shader_light.cpp(264,24): warning C4244: 'argumento': conversión de 'GLuint' a 'GLfloat'; posible pérdida de datos
C:\Users\Abraham\Documents\UNI\CGrafica\ProyectoFInal\ProyectoFInal\Shader_light.cpp(263,24): warning C4244: 'argumento': conversión de 'GLuint' a 'GLfloat'; posible pérdida de datos
  Skybox.cpp
C:\Users\Abraham\Documents\UNI\CGrafica\ProyectoFInal\ProyectoFInal\Skybox.cpp(30,47): warning C4267: 'argumento': conversión de 'size_t' a 'GLenum'; posible pérdida de datos
  Sphere.cpp
C:\Users\Abraham\Documents\UNI\CGrafica\ProyectoFInal\ProyectoFInal\Sphere.cpp(39,13): warning C4244: 'inicializando': conversión de 'double' a 'float'; posible pérdida de datos
C:\Users\Abraham\Documents\UNI\CGrafica\ProyectoFInal\ProyectoFInal\Sphere.cpp(43,16): warning C4244: 'inicializando': conversión de 'double' a 'float'; posible pérdida de datos
C:\Users\Abraham\Documents\UNI\CGrafica\ProyectoFInal\ProyectoFInal\Sphere.cpp(91,50): warning C4267: 'argumento': conversión de 'size_t' a 'GLsizei'; posible pérdida de datos
C:\Users\Abraham\Documents\UNI\CGrafica\ProyectoFInal\ProyectoFInal\Sphere.cpp(94,51): warning C4267: 'argumento': conversión de 'size_t' a 'GLsizei'; posible pérdida de datos
C:\Users\Abraham\Documents\UNI\CGrafica\ProyectoFInal\ProyectoFInal\Sphere.cpp(98,50): warning C4267: 'argumento': conversión de 'size_t' a 'GLsizei'; posible pérdida de datos
C:\Users\Abraham\Documents\UNI\CGrafica\ProyectoFInal\ProyectoFInal\Sphere.cpp(108,42): warning C4267: 'argumento': conversión de 'size_t' a 'GLsizei'; posible pérdida de datos
  SpotLight.cpp
  Texture.cpp
  Window.cpp
C:\Users\Abraham\Documents\UNI\CGrafica\ProyectoFInal\ProyectoFInal\Window.h(17,36): warning C4244: 'return': conversión de 'GLint' a 'GLfloat'; posible pérdida de datos
  (compilando archivo de origen "Window.cpp")
  
C:\Users\Abraham\Documents\UNI\CGrafica\ProyectoFInal\ProyectoFInal\Window.h(18,37): warning C4244: 'return': conversión de 'GLint' a 'GLfloat'; posible pérdida de datos
  (compilando archivo de origen "Window.cpp")
  
C:\Users\Abraham\Documents\UNI\CGrafica\ProyectoFInal\ProyectoFInal\Window.cpp(152,22): warning C4244: '=': conversión de 'double' a 'GLfloat'; posible pérdida de datos
C:\Users\Abraham\Documents\UNI\CGrafica\ProyectoFInal\ProyectoFInal\Window.cpp(153,22): warning C4244: '=': conversión de 'double' a 'GLfloat'; posible pérdida de datos
C:\Users\Abraham\Documents\UNI\CGrafica\ProyectoFInal\ProyectoFInal\Window.cpp(157,28): warning C4244: '=': conversión de 'double' a 'GLfloat'; posible pérdida de datos
C:\Users\Abraham\Documents\UNI\CGrafica\ProyectoFInal\ProyectoFInal\Window.cpp(158,40): warning C4244: '=': conversión de 'double' a 'GLfloat'; posible pérdida de datos
C:\Users\Abraham\Documents\UNI\CGrafica\ProyectoFInal\ProyectoFInal\Window.cpp(160,21): warning C4244: '=': conversión de 'double' a 'GLfloat'; posible pérdida de datos
C:\Users\Abraham\Documents\UNI\CGrafica\ProyectoFInal\ProyectoFInal\Window.cpp(161,21): warning C4244: '=': conversión de 'double' a 'GLfloat'; posible pérdida de datos
  Generando código
  Previous IPDB not found, fall back to full compilation.
  All 1356 functions were compiled because no usable IPDB/IOBJ from previous compilation was found.
  Generación de código finalizada
  ProyectoFInal.vcxproj -> C:\Users\Abraham\Documents\UNI\CGrafica\ProyectoFInal\x64\Release\ProyectoFInal.exe
